// Jest Snapshot v1, https://goo.gl/fbAQLP

exports[`SIMPLE_ACTION initialState is correct 1`] = `
Object {
  "contact": 1,
  "toggleColor": false,
}
`;
