// Jest Snapshot v1, https://goo.gl/fbAQLP

exports[`<Example2/> dispatch 1`] = `
Object {
  "newValue": "pepe",
  "type": "SIMPLE_ACTION",
}
`;

exports[`<Example2/> renders correctly 1`] = `<Connect(Example2) />`;
